2025-08-11 00:53:47,661 - numexpr.utils - INFO - NumExpr defaulting to 4 threads.
2025-08-11 00:54:23,674 - src.core.config - INFO - Directory structure validated
2025-08-11 00:54:23,687 - src.ui.app - INFO - Using upload directory: C:\Users\rayyan\Downloads\VS Code Workspace\speech_emotion_classification\uploads
2025-08-11 00:54:23,690 - src.core.config - INFO - Directory structure validated
2025-08-11 00:54:24,562 - tensorflow - WARNING - From R:\Anaconda\Lib\site-packages\keras\src\backend\common\global_state.py:82: The name tf.reset_default_graph is deprecated. Please use tf.compat.v1.reset_default_graph instead.

2025-08-11 00:55:47,864 - src.ui.app - INFO - Using upload directory: C:\Users\rayyan\Downloads\VS Code Workspace\speech_emotion_classification\uploads
2025-08-11 00:55:47,898 - src.core.config - INFO - Directory structure validated
2025-08-11 00:55:49,242 - src.core.config - INFO - Directory structure validated
2025-08-11 00:55:49,248 - src.core.config - INFO - Directory structure validated
2025-08-11 00:55:56,251 - numexpr.utils - INFO - NumExpr defaulting to 4 threads.
2025-08-11 00:55:59,005 - src.ui.app - INFO - Using upload directory: C:\Users\rayyan\Downloads\VS Code Workspace\speech_emotion_classification\uploads
2025-08-11 00:55:59,011 - src.core.config - INFO - Directory structure validated
2025-08-11 00:56:00,136 - src.core.config - INFO - Directory structure validated
2025-08-11 00:56:00,138 - src.core.config - INFO - Directory structure validated
2025-08-11 00:56:00,138 - __main__ - INFO - TensorFlow version: 2.19.0
2025-08-11 00:56:01,739 - datasets - INFO - TensorFlow version 2.19.0 available.
2025-08-11 00:56:06,050 - src.models.trainer - INFO - Successfully applied TensorFlow monkey patch
2025-08-11 00:56:06,058 - src.core.config - INFO - Directory structure validated
2025-08-11 00:56:06,060 - src.core.config - INFO - Directory structure validated
2025-08-11 00:56:06,062 - src.core.config - INFO - Directory structure validated
2025-08-11 00:56:06,064 - src.core.config - INFO - Directory structure validated
2025-08-11 00:56:06,068 - src.core.config - INFO - Directory structure validated
2025-08-11 00:56:06,069 - __main__ - INFO - Loading dataset...
2025-08-11 00:56:06,070 - src.data.data_loader - INFO - Loading RAVDESS dataset from 'Codec-SUPERB/RAVDESS' (attempt 1/5)...
2025-08-11 00:56:06,720 - src.data.data_loader - ERROR - Unexpected error loading dataset 'Codec-SUPERB/RAVDESS': Dataset 'Codec-SUPERB/RAVDESS' doesn't exist on the Hub or cannot be accessed.
2025-08-11 00:56:06,720 - src.data.data_loader - INFO - Loading RAVDESS dataset from 'lhoestq/ravdess-emotion' (attempt 1/5)...
2025-08-11 00:56:06,973 - src.data.data_loader - ERROR - Unexpected error loading dataset 'lhoestq/ravdess-emotion': Dataset 'lhoestq/ravdess-emotion' doesn't exist on the Hub or cannot be accessed.
2025-08-11 00:56:06,973 - src.data.data_loader - INFO - Loading RAVDESS dataset from 'RAVDESS' (attempt 1/5)...
2025-08-11 00:56:07,228 - src.data.data_loader - ERROR - Unexpected error loading dataset 'RAVDESS': Dataset 'RAVDESS' doesn't exist on the Hub or cannot be accessed.
2025-08-11 00:56:07,228 - src.data.data_loader - WARNING - Could not load any RAVDESS dataset. Creating a dummy dataset for development purposes.
2025-08-11 00:56:07,228 - src.data.data_loader - WARNING - Creating dummy dataset with 200 samples for testing purposes
2025-08-11 00:56:07,310 - src.core.config - INFO - Directory structure validated
2025-08-11 00:56:07,314 - src.core.config - INFO - Directory structure validated
2025-08-11 00:56:07,316 - src.core.config - INFO - Directory structure validated
2025-08-11 00:56:07,322 - src.data.data_loader - INFO - Dataset columns: ['labels', 'speaker_id', 'speaker_gender', 'audio']
2025-08-11 00:56:07,322 - src.data.data_loader - INFO - Using 'labels' as the emotion label column
2025-08-11 00:56:07,332 - src.data.data_loader - INFO - Dataset split into 139 training, 31 validation, and 30 test samples
2025-08-11 00:56:07,332 - __main__ - INFO - Extracting mel_spectrogram features...
2025-08-11 00:56:07,337 - src.core.config - INFO - Directory structure validated
2025-08-11 00:56:07,337 - src.features.feature_extractor - INFO - Using 'labels' as the label column for feature extraction
2025-08-11 00:56:08,349 - numexpr.utils - INFO - NumExpr defaulting to 4 threads.
2025-08-11 00:56:11,903 - __main__ - INFO - TensorFlow version: 2.19.0
2025-08-11 00:56:12,583 - datasets - INFO - TensorFlow version 2.19.0 available.
2025-08-11 00:56:13,660 - src.models.trainer - INFO - Successfully applied TensorFlow monkey patch
2025-08-11 00:56:13,665 - src.core.config - INFO - Directory structure validated
2025-08-11 00:56:13,665 - src.core.config - INFO - Directory structure validated
2025-08-11 00:56:13,665 - src.core.config - INFO - Directory structure validated
2025-08-11 00:56:13,671 - src.core.config - INFO - Directory structure validated
2025-08-11 00:56:13,672 - src.core.config - INFO - Directory structure validated
2025-08-11 00:56:13,675 - __main__ - INFO - Loading dataset...
2025-08-11 00:56:13,675 - src.data.data_loader - INFO - Loading RAVDESS dataset from 'Codec-SUPERB/RAVDESS' (attempt 1/5)...
2025-08-11 00:56:14,044 - src.data.data_loader - ERROR - Unexpected error loading dataset 'Codec-SUPERB/RAVDESS': Dataset 'Codec-SUPERB/RAVDESS' doesn't exist on the Hub or cannot be accessed.
2025-08-11 00:56:14,044 - src.data.data_loader - INFO - Loading RAVDESS dataset from 'lhoestq/ravdess-emotion' (attempt 1/5)...
2025-08-11 00:56:14,392 - src.data.data_loader - ERROR - Unexpected error loading dataset 'lhoestq/ravdess-emotion': Dataset 'lhoestq/ravdess-emotion' doesn't exist on the Hub or cannot be accessed.
2025-08-11 00:56:14,392 - src.data.data_loader - INFO - Loading RAVDESS dataset from 'RAVDESS' (attempt 1/5)...
2025-08-11 00:56:14,703 - src.data.data_loader - ERROR - Unexpected error loading dataset 'RAVDESS': Dataset 'RAVDESS' doesn't exist on the Hub or cannot be accessed.
2025-08-11 00:56:14,703 - src.data.data_loader - WARNING - Could not load any RAVDESS dataset. Creating a dummy dataset for development purposes.
2025-08-11 00:56:14,703 - src.data.data_loader - WARNING - Creating dummy dataset with 200 samples for testing purposes
2025-08-11 00:56:14,766 - src.core.config - INFO - Directory structure validated
2025-08-11 00:56:14,768 - src.core.config - INFO - Directory structure validated
2025-08-11 00:56:14,772 - src.core.config - INFO - Directory structure validated
2025-08-11 00:56:14,772 - src.data.data_loader - INFO - Dataset columns: ['labels', 'speaker_id', 'speaker_gender', 'audio']
2025-08-11 00:56:14,772 - src.data.data_loader - INFO - Using 'labels' as the emotion label column
2025-08-11 00:56:14,776 - src.data.data_loader - INFO - Dataset split into 139 training, 31 validation, and 30 test samples
2025-08-11 00:56:14,776 - __main__ - INFO - Extracting mel_spectrogram features...
2025-08-11 00:56:14,780 - src.core.config - INFO - Directory structure validated
2025-08-11 00:56:14,780 - src.features.feature_extractor - INFO - Using 'labels' as the label column for feature extraction
2025-08-11 00:56:17,428 - src.core.config - INFO - Directory structure validated
2025-08-11 00:56:17,479 - src.core.config - INFO - Directory structure validated
2025-08-11 00:56:20,482 - src.features.feature_extractor - INFO - Feature shape after processing: (1, 128, 165, 1)
2025-08-11 00:56:20,491 - src.features.feature_extractor - INFO - Feature shape after processing: (1, 128, 165, 1)
2025-08-11 01:11:35,394 - numexpr.utils - INFO - NumExpr defaulting to 4 threads.
2025-08-11 01:11:39,067 - src.core.config - INFO - Directory structure validated
2025-08-11 01:11:39,076 - src.core.config - INFO - Directory structure validated
2025-08-11 01:11:44,730 - numexpr.utils - INFO - NumExpr defaulting to 4 threads.
2025-08-11 01:11:47,450 - __main__ - INFO - TensorFlow version: 2.19.0
2025-08-11 01:11:47,944 - datasets - INFO - TensorFlow version 2.19.0 available.
2025-08-11 01:11:48,747 - src.models.trainer - INFO - Successfully applied TensorFlow monkey patch
2025-08-11 01:11:48,751 - src.core.config - INFO - Directory structure validated
2025-08-11 01:11:48,753 - src.core.config - INFO - Directory structure validated
2025-08-11 01:11:48,755 - src.core.config - INFO - Directory structure validated
2025-08-11 01:11:48,757 - src.core.config - INFO - Directory structure validated
2025-08-11 01:11:48,757 - src.core.config - INFO - Directory structure validated
2025-08-11 01:11:48,757 - __main__ - INFO - Loading dataset...
2025-08-11 01:11:48,757 - src.data.data_loader - INFO - Loading RAVDESS dataset from 'Codec-SUPERB/RAVDESS' (attempt 1/5)...
2025-08-11 01:11:49,641 - src.data.data_loader - ERROR - Unexpected error loading dataset 'Codec-SUPERB/RAVDESS': Dataset 'Codec-SUPERB/RAVDESS' doesn't exist on the Hub or cannot be accessed.
2025-08-11 01:11:49,641 - src.data.data_loader - INFO - Loading RAVDESS dataset from 'lhoestq/ravdess-emotion' (attempt 1/5)...
2025-08-11 01:11:49,891 - src.data.data_loader - ERROR - Unexpected error loading dataset 'lhoestq/ravdess-emotion': Dataset 'lhoestq/ravdess-emotion' doesn't exist on the Hub or cannot be accessed.
2025-08-11 01:11:49,891 - src.data.data_loader - INFO - Loading RAVDESS dataset from 'RAVDESS' (attempt 1/5)...
2025-08-11 01:11:50,225 - src.data.data_loader - ERROR - Unexpected error loading dataset 'RAVDESS': Dataset 'RAVDESS' doesn't exist on the Hub or cannot be accessed.
2025-08-11 01:11:50,225 - src.data.data_loader - WARNING - Could not load any RAVDESS dataset. Creating a dummy dataset for development purposes.
2025-08-11 01:11:50,225 - src.data.data_loader - WARNING - Creating dummy dataset with 200 samples for testing purposes
2025-08-11 01:11:50,320 - src.core.config - INFO - Directory structure validated
2025-08-11 01:11:50,322 - src.core.config - INFO - Directory structure validated
2025-08-11 01:11:50,322 - src.core.config - INFO - Directory structure validated
2025-08-11 01:11:50,322 - src.data.data_loader - INFO - Dataset columns: ['labels', 'speaker_id', 'speaker_gender', 'audio']
2025-08-11 01:11:50,322 - src.data.data_loader - INFO - Using 'labels' as the emotion label column
2025-08-11 01:11:50,322 - src.data.data_loader - INFO - Dataset split into 139 training, 31 validation, and 30 test samples
2025-08-11 01:11:50,322 - __main__ - INFO - Extracting mel_spectrogram features...
2025-08-11 01:11:50,336 - src.core.config - INFO - Directory structure validated
2025-08-11 01:11:50,336 - src.features.feature_extractor - INFO - Using 'labels' as the label column for feature extraction
2025-08-11 01:11:53,596 - src.features.feature_extractor - ERROR - Error processing audio file /tmp/dummy_audio_37.wav: [Errno 2] No such file or directory: '/tmp/dummy_audio_37.wav'
2025-08-11 01:11:53,596 - src.features.feature_extractor - ERROR - Error processing dataset: [Errno 2] No such file or directory: '/tmp/dummy_audio_37.wav'
2025-08-11 01:11:53,598 - __main__ - ERROR - Error during training: [Errno 2] No such file or directory: '/tmp/dummy_audio_37.wav'
2025-08-11 01:11:53,598 - __main__ - ERROR - Unhandled exception: [Errno 2] No such file or directory: '/tmp/dummy_audio_37.wav'
2025-08-11 01:12:37,396 - numexpr.utils - INFO - NumExpr defaulting to 4 threads.
2025-08-11 01:12:56,238 - src.core.config - INFO - Directory structure validated
2025-08-11 01:12:56,244 - src.ui.app - INFO - Using upload directory: C:\Users\rayyan\Downloads\VS Code Workspace\speech_emotion_classification\uploads
2025-08-11 01:12:56,247 - src.core.config - INFO - Directory structure validated
2025-08-11 01:12:57,208 - tensorflow - WARNING - From R:\Anaconda\Lib\site-packages\keras\src\backend\common\global_state.py:82: The name tf.reset_default_graph is deprecated. Please use tf.compat.v1.reset_default_graph instead.

2025-08-11 01:13:21,792 - src.ui.app - INFO - Using upload directory: C:\Users\rayyan\Downloads\VS Code Workspace\speech_emotion_classification\uploads
2025-08-11 01:13:21,801 - src.core.config - INFO - Directory structure validated
2025-08-11 01:13:22,954 - src.core.config - INFO - Directory structure validated
2025-08-11 01:13:22,958 - src.core.config - INFO - Directory structure validated
2025-08-11 01:13:26,564 - src.core.config - INFO - Directory structure validated
2025-08-11 01:13:26,790 - src.features.feature_extractor - INFO - Feature shape after processing: (1, 128, 165, 1)
2025-08-11 01:13:26,791 - src.ui.app - ERROR - Prediction requested but model is not loaded yet
2025-08-11 01:13:29,349 - numexpr.utils - INFO - NumExpr defaulting to 4 threads.
2025-08-11 01:13:33,594 - __main__ - INFO - TensorFlow version: 2.19.0
2025-08-11 01:13:34,422 - datasets - INFO - TensorFlow version 2.19.0 available.
2025-08-11 01:13:35,905 - src.models.trainer - INFO - Successfully applied TensorFlow monkey patch
2025-08-11 01:13:35,912 - src.core.config - INFO - Directory structure validated
2025-08-11 01:13:35,916 - src.core.config - INFO - Directory structure validated
2025-08-11 01:13:35,920 - src.core.config - INFO - Directory structure validated
2025-08-11 01:13:35,922 - src.core.config - INFO - Directory structure validated
2025-08-11 01:13:35,927 - src.core.config - INFO - Directory structure validated
2025-08-11 01:13:35,931 - __main__ - INFO - Loading dataset...
2025-08-11 01:13:35,931 - src.data.data_loader - INFO - Loading RAVDESS dataset from 'Codec-SUPERB/RAVDESS' (attempt 1/5)...
2025-08-11 01:13:37,124 - src.data.data_loader - ERROR - Unexpected error loading dataset 'Codec-SUPERB/RAVDESS': Dataset 'Codec-SUPERB/RAVDESS' doesn't exist on the Hub or cannot be accessed.
2025-08-11 01:13:37,126 - src.data.data_loader - INFO - Loading RAVDESS dataset from 'lhoestq/ravdess-emotion' (attempt 1/5)...
2025-08-11 01:13:37,429 - src.data.data_loader - ERROR - Unexpected error loading dataset 'lhoestq/ravdess-emotion': Dataset 'lhoestq/ravdess-emotion' doesn't exist on the Hub or cannot be accessed.
2025-08-11 01:13:37,429 - src.data.data_loader - INFO - Loading RAVDESS dataset from 'RAVDESS' (attempt 1/5)...
2025-08-11 01:13:37,738 - src.data.data_loader - ERROR - Unexpected error loading dataset 'RAVDESS': Dataset 'RAVDESS' doesn't exist on the Hub or cannot be accessed.
2025-08-11 01:13:37,738 - src.data.data_loader - WARNING - Could not load any RAVDESS dataset. Creating a dummy dataset for development purposes.
2025-08-11 01:13:37,738 - src.data.data_loader - WARNING - Creating dummy dataset with 200 samples for testing purposes
2025-08-11 01:13:37,824 - src.core.config - INFO - Directory structure validated
2025-08-11 01:13:37,824 - src.core.config - INFO - Directory structure validated
2025-08-11 01:13:37,832 - src.core.config - INFO - Directory structure validated
2025-08-11 01:13:37,832 - src.data.data_loader - INFO - Dataset columns: ['labels', 'speaker_id', 'speaker_gender', 'audio']
2025-08-11 01:13:37,832 - src.data.data_loader - INFO - Using 'labels' as the emotion label column
2025-08-11 01:13:37,847 - src.data.data_loader - INFO - Dataset split into 139 training, 31 validation, and 30 test samples
2025-08-11 01:13:37,847 - __main__ - INFO - Extracting mel_spectrogram features...
2025-08-11 01:13:37,849 - src.core.config - INFO - Directory structure validated
2025-08-11 01:13:37,852 - src.features.feature_extractor - INFO - Using 'labels' as the label column for feature extraction
2025-08-11 01:20:08,598 - numexpr.utils - INFO - NumExpr defaulting to 4 threads.
2025-08-11 01:20:52,360 - numexpr.utils - INFO - NumExpr defaulting to 4 threads.
2025-08-11 01:21:08,633 - src.core.config - INFO - Directory structure validated
2025-08-11 01:21:08,638 - src.ui.app - INFO - Using upload directory: C:\Users\rayyan\Downloads\VS Code Workspace\speech_emotion_classification\uploads
2025-08-11 01:21:08,643 - src.core.config - INFO - Directory structure validated
2025-08-11 01:21:09,536 - tensorflow - WARNING - From R:\Anaconda\Lib\site-packages\keras\src\backend\common\global_state.py:82: The name tf.reset_default_graph is deprecated. Please use tf.compat.v1.reset_default_graph instead.

2025-08-11 01:21:24,043 - src.ui.app - INFO - Using upload directory: C:\Users\rayyan\Downloads\VS Code Workspace\speech_emotion_classification\uploads
2025-08-11 01:21:24,049 - src.core.config - INFO - Directory structure validated
2025-08-11 01:25:25,358 - src.ui.app - INFO - Using upload directory: C:\Users\rayyan\Downloads\VS Code Workspace\speech_emotion_classification\uploads
2025-08-11 01:25:25,365 - src.core.config - INFO - Directory structure validated
2025-08-11 01:26:12,219 - src.core.config - INFO - Directory structure validated
2025-08-11 01:26:12,226 - __main__ - INFO - Using upload directory: C:\Users\rayyan\Downloads\VS Code Workspace\speech_emotion_classification\uploads
2025-08-11 01:26:12,230 - src.core.config - INFO - Directory structure validated
2025-08-11 02:05:25,849 - numexpr.utils - INFO - NumExpr defaulting to 4 threads.
2025-08-11 02:05:29,132 - src.core.config - INFO - Directory structure validated
2025-08-11 02:05:29,138 - src.core.config - INFO - Directory structure validated
2025-08-11 02:05:29,140 - src.main - INFO - TensorFlow version: 2.19.0
2025-08-11 02:05:29,643 - datasets - INFO - TensorFlow version 2.19.0 available.
2025-08-11 02:05:30,542 - src.models.trainer - INFO - Successfully applied TensorFlow monkey patch
2025-08-11 02:05:59,212 - numexpr.utils - INFO - NumExpr defaulting to 4 threads.
2025-08-11 02:06:04,296 - src.core.config - INFO - Directory structure validated
2025-08-11 02:06:04,296 - src.core.config - INFO - Directory structure validated
2025-08-11 02:06:04,296 - src.main - INFO - TensorFlow version: 2.19.0
2025-08-11 02:06:05,473 - datasets - INFO - TensorFlow version 2.19.0 available.
2025-08-11 02:06:07,783 - src.models.trainer - INFO - Successfully applied TensorFlow monkey patch
2025-08-11 02:06:13,936 - tensorflow - WARNING - From R:\Anaconda\Lib\site-packages\keras\src\backend\common\global_state.py:82: The name tf.reset_default_graph is deprecated. Please use tf.compat.v1.reset_default_graph instead.

2025-08-11 02:10:18,026 - src.core.config - INFO - Directory structure validated
2025-08-11 02:10:18,030 - src.core.config - INFO - Directory structure validated
2025-08-11 02:10:18,030 - src.main - INFO - TensorFlow version: 2.19.0
2025-08-11 02:10:18,042 - src.models.trainer - INFO - Successfully applied TensorFlow monkey patch
2025-08-11 02:10:18,078 - __main__ - INFO - Using upload directory: C:\Users\rayyan\Downloads\VS Code Workspace\speech_emotion_classification\uploads
2025-08-11 02:10:18,086 - src.core.config - INFO - Directory structure validated
2025-08-11 02:10:36,241 - __main__ - INFO - Using upload directory: C:\Users\rayyan\Downloads\VS Code Workspace\speech_emotion_classification\uploads
2025-08-11 02:10:36,250 - src.core.config - INFO - Directory structure validated
2025-08-11 02:12:31,203 - src.core.config - INFO - Directory structure validated
2025-08-11 02:12:31,231 - src.core.config - INFO - Directory structure validated
2025-08-11 02:12:31,234 - src.main - INFO - TensorFlow version: 2.19.0
2025-08-11 02:12:31,245 - src.models.trainer - INFO - Successfully applied TensorFlow monkey patch
2025-08-11 02:12:31,304 - __main__ - INFO - Using upload directory: C:\Users\rayyan\Downloads\VS Code Workspace\speech_emotion_classification\uploads
2025-08-11 02:12:31,335 - src.core.config - INFO - Directory structure validated
2025-08-11 02:12:45,552 - src.core.config - INFO - Directory structure validated
2025-08-11 02:12:45,556 - src.core.config - INFO - Directory structure validated
2025-08-11 02:12:45,563 - src.main - INFO - TensorFlow version: 2.19.0
2025-08-11 02:12:45,584 - src.models.trainer - INFO - Successfully applied TensorFlow monkey patch
2025-08-11 02:12:45,621 - __main__ - INFO - Using upload directory: C:\Users\rayyan\Downloads\VS Code Workspace\speech_emotion_classification\uploads
2025-08-11 02:12:45,629 - src.core.config - INFO - Directory structure validated
2025-08-11 02:13:02,065 - src.core.config - INFO - Directory structure validated
2025-08-11 02:13:02,072 - src.core.config - INFO - Directory structure validated
2025-08-11 02:13:02,074 - src.main - INFO - TensorFlow version: 2.19.0
2025-08-11 02:13:02,087 - src.models.trainer - INFO - Successfully applied TensorFlow monkey patch
2025-08-11 02:13:02,104 - __main__ - INFO - Using upload directory: C:\Users\rayyan\Downloads\VS Code Workspace\speech_emotion_classification\uploads
2025-08-11 02:13:02,114 - src.core.config - INFO - Directory structure validated
2025-08-11 02:13:58,191 - src.core.config - INFO - Directory structure validated
2025-08-11 02:13:58,199 - src.core.config - INFO - Directory structure validated
2025-08-11 02:13:58,201 - src.main - INFO - TensorFlow version: 2.19.0
2025-08-11 02:13:58,220 - src.models.trainer - INFO - Successfully applied TensorFlow monkey patch
2025-08-11 02:13:58,237 - __main__ - INFO - Using upload directory: C:\Users\rayyan\Downloads\VS Code Workspace\speech_emotion_classification\uploads
2025-08-11 02:13:58,253 - src.core.config - INFO - Directory structure validated
2025-08-11 02:14:40,565 - __main__ - INFO - Using upload directory: C:\Users\rayyan\Downloads\VS Code Workspace\speech_emotion_classification\uploads
2025-08-11 02:14:40,573 - src.core.config - INFO - Directory structure validated
2025-08-11 02:14:45,049 - __main__ - INFO - Using upload directory: C:\Users\rayyan\Downloads\VS Code Workspace\speech_emotion_classification\uploads
2025-08-11 02:14:45,057 - src.core.config - INFO - Directory structure validated
2025-08-11 02:14:53,648 - __main__ - INFO - Using upload directory: C:\Users\rayyan\Downloads\VS Code Workspace\speech_emotion_classification\uploads
2025-08-11 02:14:53,654 - src.core.config - INFO - Directory structure validated
2025-08-11 02:16:58,294 - src.core.config - INFO - Directory structure validated
2025-08-11 02:16:58,303 - src.core.config - INFO - Directory structure validated
2025-08-11 02:16:58,305 - src.main - INFO - TensorFlow version: 2.19.0
2025-08-11 02:16:58,321 - src.models.trainer - INFO - Successfully applied TensorFlow monkey patch
2025-08-11 02:16:58,366 - __main__ - INFO - Using upload directory: C:\Users\rayyan\Downloads\VS Code Workspace\speech_emotion_classification\uploads
2025-08-11 02:16:58,372 - src.core.config - INFO - Directory structure validated
2025-08-11 02:17:49,815 - __main__ - INFO - Using upload directory: C:\Users\rayyan\Downloads\VS Code Workspace\speech_emotion_classification\uploads
2025-08-11 02:17:49,826 - src.core.config - INFO - Directory structure validated
2025-08-11 02:18:17,749 - __main__ - INFO - Using upload directory: C:\Users\rayyan\Downloads\VS Code Workspace\speech_emotion_classification\uploads
2025-08-11 02:18:17,765 - src.core.config - INFO - Directory structure validated
2025-08-11 02:19:47,015 - __main__ - INFO - Using upload directory: C:\Users\rayyan\Downloads\VS Code Workspace\speech_emotion_classification\uploads
2025-08-11 02:19:47,025 - src.core.config - INFO - Directory structure validated
2025-08-11 02:20:18,827 - src.core.config - INFO - Directory structure validated
2025-08-11 02:20:18,871 - src.core.config - INFO - Directory structure validated
2025-08-11 02:20:18,902 - src.main - INFO - TensorFlow version: 2.19.0
2025-08-11 02:20:18,967 - src.models.trainer - INFO - Successfully applied TensorFlow monkey patch
2025-08-11 02:20:19,034 - __main__ - INFO - Using upload directory: C:\Users\rayyan\Downloads\VS Code Workspace\speech_emotion_classification\uploads
2025-08-11 02:20:19,050 - src.core.config - INFO - Directory structure validated
2025-08-11 02:20:34,089 - src.core.config - INFO - Directory structure validated
2025-08-11 02:20:34,123 - src.core.config - INFO - Directory structure validated
2025-08-11 02:20:34,187 - src.main - INFO - TensorFlow version: 2.19.0
2025-08-11 02:20:34,585 - src.models.trainer - INFO - Successfully applied TensorFlow monkey patch
2025-08-11 02:20:34,854 - __main__ - INFO - Using upload directory: C:\Users\rayyan\Downloads\VS Code Workspace\speech_emotion_classification\uploads
2025-08-11 02:20:35,123 - src.core.config - INFO - Directory structure validated
2025-08-11 02:20:55,783 - src.core.config - INFO - Directory structure validated
2025-08-11 02:20:55,799 - src.core.config - INFO - Directory structure validated
2025-08-11 02:20:55,803 - src.main - INFO - TensorFlow version: 2.19.0
2025-08-11 02:20:55,881 - src.models.trainer - INFO - Successfully applied TensorFlow monkey patch
2025-08-11 02:20:55,916 - __main__ - INFO - Using upload directory: C:\Users\rayyan\Downloads\VS Code Workspace\speech_emotion_classification\uploads
2025-08-11 02:20:55,930 - src.core.config - INFO - Directory structure validated
2025-08-11 02:23:26,324 - __main__ - INFO - Using upload directory: C:\Users\rayyan\Downloads\VS Code Workspace\speech_emotion_classification\uploads
2025-08-11 02:23:26,336 - src.core.config - INFO - Directory structure validated
2025-08-11 02:23:35,818 - __main__ - INFO - Using upload directory: C:\Users\rayyan\Downloads\VS Code Workspace\speech_emotion_classification\uploads
2025-08-11 02:23:35,824 - src.core.config - INFO - Directory structure validated
2025-08-11 02:26:09,823 - src.models.trainer - INFO - Successfully applied TensorFlow monkey patch
2025-08-11 02:26:10,000 - src.core.config - INFO - Directory structure validated
2025-08-11 02:26:10,008 - src.core.config - INFO - Directory structure validated
2025-08-11 02:26:10,013 - src.main - INFO - TensorFlow version: 2.19.0
2025-08-11 02:26:10,036 - __main__ - INFO - Using upload directory: C:\Users\rayyan\Downloads\VS Code Workspace\speech_emotion_classification\uploads
2025-08-11 02:26:10,049 - src.core.config - INFO - Directory structure validated
2025-08-11 02:26:23,452 - src.models.trainer - INFO - Successfully applied TensorFlow monkey patch
2025-08-11 02:26:23,493 - src.core.config - INFO - Directory structure validated
2025-08-11 02:26:23,504 - src.core.config - INFO - Directory structure validated
2025-08-11 02:26:23,507 - src.main - INFO - TensorFlow version: 2.19.0
2025-08-11 02:26:23,545 - __main__ - INFO - Using upload directory: C:\Users\rayyan\Downloads\VS Code Workspace\speech_emotion_classification\uploads
2025-08-11 02:26:23,554 - src.core.config - INFO - Directory structure validated
2025-08-11 02:37:30,222 - src.models.trainer - INFO - Successfully applied TensorFlow monkey patch
2025-08-11 02:37:30,254 - src.core.config - INFO - Directory structure validated
2025-08-11 02:37:30,271 - src.core.config - INFO - Directory structure validated
2025-08-11 02:37:30,272 - src.main - INFO - TensorFlow version: 2.19.0
2025-08-11 02:37:30,303 - __main__ - INFO - Using upload directory: C:\Users\rayyan\Downloads\VS Code Workspace\speech_emotion_classification\uploads
2025-08-11 02:37:30,310 - src.core.config - INFO - Directory structure validated
2025-08-11 02:37:53,102 - src.models.trainer - INFO - Successfully applied TensorFlow monkey patch
2025-08-11 02:37:53,122 - src.core.config - INFO - Directory structure validated
2025-08-11 02:37:53,134 - src.core.config - INFO - Directory structure validated
2025-08-11 02:37:53,136 - src.main - INFO - TensorFlow version: 2.19.0
2025-08-11 02:37:53,168 - __main__ - INFO - Using upload directory: C:\Users\rayyan\Downloads\VS Code Workspace\speech_emotion_classification\uploads
2025-08-11 02:37:53,195 - src.core.config - INFO - Directory structure validated
2025-08-11 02:38:17,773 - src.models.trainer - INFO - Successfully applied TensorFlow monkey patch
2025-08-11 02:38:17,793 - src.core.config - INFO - Directory structure validated
2025-08-11 02:38:17,803 - src.core.config - INFO - Directory structure validated
2025-08-11 02:38:17,803 - src.main - INFO - TensorFlow version: 2.19.0
2025-08-11 02:38:17,830 - __main__ - INFO - Using upload directory: C:\Users\rayyan\Downloads\VS Code Workspace\speech_emotion_classification\uploads
2025-08-11 02:38:17,843 - src.core.config - INFO - Directory structure validated
2025-08-11 02:38:31,589 - src.models.trainer - INFO - Successfully applied TensorFlow monkey patch
2025-08-11 02:38:31,608 - src.core.config - INFO - Directory structure validated
2025-08-11 02:38:31,608 - src.core.config - INFO - Directory structure validated
2025-08-11 02:38:31,618 - src.main - INFO - TensorFlow version: 2.19.0
2025-08-11 02:38:31,680 - __main__ - INFO - Using upload directory: C:\Users\rayyan\Downloads\VS Code Workspace\speech_emotion_classification\uploads
2025-08-11 02:38:31,690 - src.core.config - INFO - Directory structure validated
2025-08-11 02:38:54,748 - src.models.trainer - INFO - Successfully applied TensorFlow monkey patch
2025-08-11 02:38:54,798 - src.core.config - INFO - Directory structure validated
2025-08-11 02:38:54,820 - src.core.config - INFO - Directory structure validated
2025-08-11 02:38:54,835 - src.main - INFO - TensorFlow version: 2.19.0
2025-08-11 02:38:54,889 - __main__ - INFO - Using upload directory: C:\Users\rayyan\Downloads\VS Code Workspace\speech_emotion_classification\uploads
2025-08-11 02:38:54,955 - src.core.config - INFO - Directory structure validated
2025-08-11 02:38:55,002 - src.core.config - INFO - Directory structure validated
2025-08-11 02:38:55,124 - src.core.config - INFO - Directory structure validated
2025-08-11 02:40:40,561 - src.models.trainer - INFO - Successfully applied TensorFlow monkey patch
2025-08-11 02:40:40,656 - src.core.config - INFO - Directory structure validated
2025-08-11 02:40:40,675 - src.core.config - INFO - Directory structure validated
2025-08-11 02:40:40,677 - src.main - INFO - TensorFlow version: 2.19.0
2025-08-11 02:40:40,798 - __main__ - INFO - Using upload directory: C:\Users\rayyan\Downloads\VS Code Workspace\speech_emotion_classification\uploads
2025-08-11 02:40:40,816 - src.core.config - INFO - Directory structure validated
2025-08-11 02:40:40,825 - src.core.config - INFO - Directory structure validated
2025-08-11 02:40:40,840 - src.core.config - INFO - Directory structure validated
2025-08-11 02:41:58,250 - src.models.trainer - INFO - Successfully applied TensorFlow monkey patch
2025-08-11 02:41:58,343 - src.core.config - INFO - Directory structure validated
2025-08-11 02:41:58,377 - src.core.config - INFO - Directory structure validated
2025-08-11 02:41:58,387 - src.main - INFO - TensorFlow version: 2.19.0
2025-08-11 02:41:58,517 - __main__ - INFO - Using upload directory: C:\Users\rayyan\Downloads\VS Code Workspace\speech_emotion_classification\uploads
2025-08-11 02:41:58,528 - src.core.config - INFO - Directory structure validated
2025-08-11 02:41:58,536 - src.core.config - INFO - Directory structure validated
2025-08-11 02:41:58,542 - src.core.config - INFO - Directory structure validated
2025-08-11 02:42:11,245 - src.models.trainer - INFO - Successfully applied TensorFlow monkey patch
2025-08-11 02:42:11,300 - src.core.config - INFO - Directory structure validated
2025-08-11 02:42:11,312 - src.core.config - INFO - Directory structure validated
2025-08-11 02:42:11,315 - src.main - INFO - TensorFlow version: 2.19.0
2025-08-11 02:42:11,363 - __main__ - INFO - Using upload directory: C:\Users\rayyan\Downloads\VS Code Workspace\speech_emotion_classification\uploads
2025-08-11 02:42:11,390 - src.core.config - INFO - Directory structure validated
2025-08-11 02:42:11,411 - src.core.config - INFO - Directory structure validated
2025-08-11 02:42:11,433 - src.core.config - INFO - Directory structure validated
2025-08-30 22:05:24,513 - matplotlib.font_manager - INFO - Failed to extract font properties from /usr/share/fonts/truetype/noto/NotoColorEmoji.ttf: Can not load face (unknown file format; error code 0x2)
2025-08-30 22:05:24,520 - matplotlib.font_manager - INFO - generated new fontManager
2025-08-30 22:05:39,509 - src.models.trainer - INFO - Successfully applied TensorFlow monkey patch
2025-08-30 22:05:39,521 - src.core.config - INFO - Directory structure validated
2025-08-30 22:05:39,523 - src.core.config - INFO - Directory structure validated
2025-08-30 22:05:39,523 - src.main - INFO - TensorFlow version: 2.20.0
2025-08-30 22:05:39,591 - datasets - INFO - TensorFlow version 2.20.0 available.
2025-08-30 22:05:54,616 - src.models.trainer - INFO - Successfully applied TensorFlow monkey patch
2025-08-30 22:05:54,625 - src.core.config - INFO - Directory structure validated
2025-08-30 22:05:54,626 - src.core.config - INFO - Directory structure validated
2025-08-30 22:05:54,626 - src.main - INFO - TensorFlow version: 2.20.0
2025-08-30 22:05:54,697 - datasets - INFO - TensorFlow version 2.20.0 available.
2025-08-30 22:06:28,718 - src.models.trainer - INFO - Successfully applied TensorFlow monkey patch
2025-08-30 22:06:28,728 - src.core.config - INFO - Directory structure validated
2025-08-30 22:06:28,728 - src.core.config - INFO - Directory structure validated
2025-08-30 22:06:28,728 - src.main - INFO - TensorFlow version: 2.20.0
2025-08-30 22:06:28,798 - datasets - INFO - TensorFlow version 2.20.0 available.
2025-08-30 22:06:45,772 - datasets - INFO - TensorFlow version 2.20.0 available.
2025-08-30 22:06:46,296 - src.data.data_loader - INFO - Loading RAVDESS dataset from 'Codec-SUPERB/RAVDESS' (attempt 1/5)...
2025-08-30 22:06:58,529 - src.data.data_loader - INFO - Dataset loaded successfully with 1440 samples
2025-08-30 22:07:08,070 - src.core.config - INFO - Directory structure validated
2025-08-30 22:07:08,071 - src.core.config - INFO - Directory structure validated
2025-08-30 22:07:10,116 - __main__ - INFO - TensorFlow version: 2.20.0
2025-08-30 22:07:10,189 - datasets - INFO - TensorFlow version 2.20.0 available.
2025-08-30 22:07:10,355 - src.models.trainer - INFO - Successfully applied TensorFlow monkey patch
2025-08-30 22:07:10,361 - src.core.config - INFO - Directory structure validated
2025-08-30 22:07:10,361 - src.core.config - INFO - Directory structure validated
2025-08-30 22:07:10,362 - src.core.config - INFO - Directory structure validated
2025-08-30 22:07:10,362 - src.core.config - INFO - Directory structure validated
2025-08-30 22:07:10,362 - src.core.config - INFO - Directory structure validated
2025-08-30 22:07:10,362 - __main__ - INFO - Loading dataset...
2025-08-30 22:07:10,362 - src.data.data_loader - INFO - Loading RAVDESS dataset from 'Codec-SUPERB/RAVDESS' (attempt 1/5)...
2025-08-30 22:07:10,385 - huggingface_hub.utils._http - WARNING - HTTP Error 429 thrown while requesting HEAD https://huggingface.co/datasets/Codec-SUPERB/RAVDESS/resolve/main/README.md
2025-08-30 22:07:10,385 - huggingface_hub.utils._http - WARNING - Retrying in 1s [Retry 1/5].
2025-08-30 22:07:11,390 - huggingface_hub.utils._http - WARNING - HTTP Error 429 thrown while requesting HEAD https://huggingface.co/datasets/Codec-SUPERB/RAVDESS/resolve/main/README.md
2025-08-30 22:07:11,390 - huggingface_hub.utils._http - WARNING - Retrying in 2s [Retry 2/5].
2025-08-30 22:07:13,394 - huggingface_hub.utils._http - WARNING - HTTP Error 429 thrown while requesting HEAD https://huggingface.co/datasets/Codec-SUPERB/RAVDESS/resolve/main/README.md
2025-08-30 22:07:13,394 - huggingface_hub.utils._http - WARNING - Retrying in 4s [Retry 3/5].
2025-08-30 22:07:17,398 - huggingface_hub.utils._http - WARNING - HTTP Error 429 thrown while requesting HEAD https://huggingface.co/datasets/Codec-SUPERB/RAVDESS/resolve/main/README.md
2025-08-30 22:07:17,398 - huggingface_hub.utils._http - WARNING - Retrying in 8s [Retry 4/5].
2025-08-30 22:07:25,403 - huggingface_hub.utils._http - WARNING - HTTP Error 429 thrown while requesting HEAD https://huggingface.co/datasets/Codec-SUPERB/RAVDESS/resolve/main/README.md
2025-08-30 22:07:25,403 - huggingface_hub.utils._http - WARNING - Retrying in 8s [Retry 5/5].
2025-08-30 22:07:33,407 - huggingface_hub.utils._http - WARNING - HTTP Error 429 thrown while requesting HEAD https://huggingface.co/datasets/Codec-SUPERB/RAVDESS/resolve/main/README.md
2025-08-30 22:07:33,408 - datasets.load - WARNING - Using the latest cached version of the dataset since Codec-SUPERB/RAVDESS couldn't be found on the Hugging Face Hub
2025-08-30 22:07:33,411 - datasets.packaged_modules.cache.cache - WARNING - Found the latest cached dataset configuration 'default' at /home/ubuntu/.cache/huggingface/datasets/Codec-SUPERB___ravdess/default/0.0.0/46aa36c5fdeb1b6d63b746b74fde528a540044b2 (last modified on Sat Aug 30 22:06:58 2025).
2025-08-30 22:07:33,430 - src.data.data_loader - INFO - Dataset loaded successfully with 1440 samples
2025-08-30 22:07:33,430 - src.core.config - INFO - Directory structure validated
2025-08-30 22:07:33,430 - src.core.config - INFO - Directory structure validated
2025-08-30 22:07:33,430 - src.core.config - INFO - Directory structure validated
2025-08-30 22:07:33,432 - src.data.data_loader - INFO - Dataset columns: ['audio']
2025-08-30 22:07:33,432 - src.data.data_loader - WARNING - No explicit emotion label column found. Attempting to extract from filenames.
2025-08-30 22:07:33,434 - src.data.data_loader - INFO - Using 'emotion' as the emotion label column
2025-08-30 22:07:33,437 - src.data.data_loader - INFO - Dataset split into 1008 training, 216 validation, and 216 test samples
2025-08-30 22:07:33,437 - __main__ - INFO - Extracting mel_spectrogram features...
2025-08-30 22:07:33,437 - src.core.config - INFO - Directory structure validated
2025-08-30 22:07:33,437 - src.features.feature_extractor - INFO - Using 'emotion' as the label column for feature extraction
2025-08-30 22:07:42,026 - src.features.feature_extractor - INFO - Processing audio 701/1008
2025-08-30 22:07:42,749 - src.features.feature_extractor - INFO - Processing audio 1001/1008
2025-08-30 22:07:42,933 - src.features.feature_extractor - INFO - Processing audio 1101/1008
2025-08-30 22:07:43,385 - src.features.feature_extractor - INFO - Processing audio 1/1008
2025-08-30 22:07:43,533 - src.features.feature_extractor - INFO - Processing audio 1401/1008
2025-08-30 22:07:43,616 - src.features.feature_extractor - INFO - Processing audio 401/1008
2025-08-30 22:07:43,752 - src.features.feature_extractor - INFO - Processing audio 901/1008
2025-08-30 22:07:44,047 - src.features.feature_extractor - INFO - Processing audio 301/1008
2025-08-30 22:07:44,699 - src.features.feature_extractor - INFO - Processing audio 1201/1008
2025-08-30 22:07:45,219 - src.features.feature_extractor - INFO - Padding spectrograms to length 165
2025-08-30 22:07:45,301 - src.features.feature_extractor - INFO - Processed 1008 audio files successfully
2025-08-30 22:07:45,302 - src.features.feature_extractor - INFO - Using 'emotion' as the label column for feature extraction
2025-08-30 22:07:45,516 - src.features.feature_extractor - INFO - Processing audio 501/216
2025-08-30 22:07:46,020 - src.features.feature_extractor - INFO - Padding spectrograms to length 165
2025-08-30 22:07:46,022 - src.features.feature_extractor - INFO - Processed 216 audio files successfully
2025-08-30 22:07:46,023 - src.features.feature_extractor - INFO - Using 'emotion' as the label column for feature extraction
2025-08-30 22:07:46,314 - src.features.feature_extractor - INFO - Processing audio 101/216
2025-08-30 22:07:46,325 - src.features.feature_extractor - INFO - Processing audio 201/216
2025-08-30 22:07:46,542 - src.features.feature_extractor - INFO - Processing audio 601/216
2025-08-30 22:07:46,697 - src.features.feature_extractor - INFO - Processing audio 801/216
2025-08-30 22:07:46,718 - src.features.feature_extractor - INFO - Processing audio 1301/216
2025-08-30 22:07:46,736 - src.features.feature_extractor - INFO - Padding spectrograms to length 165
2025-08-30 22:07:46,740 - src.features.feature_extractor - INFO - Processed 216 audio files successfully
2025-08-30 22:07:47,029 - src.features.feature_extractor - INFO - Features normalized successfully
2025-08-30 22:07:47,042 - src.features.feature_extractor - INFO - Features normalized successfully
2025-08-30 22:07:47,055 - src.features.feature_extractor - INFO - Features normalized successfully
2025-08-30 22:07:47,055 - __main__ - INFO - Creating CNN model...
2025-08-30 22:07:47,055 - src.core.config - INFO - Directory structure validated
2025-08-30 22:07:47,056 - src.core.config - INFO - Directory structure validated
2025-08-30 22:07:47,056 - src.core.config - INFO - Directory structure validated
2025-08-30 22:07:47,056 - src.core.config - INFO - Directory structure validated
2025-08-30 22:07:47,056 - src.core.config - INFO - Directory structure validated
2025-08-30 22:07:47,056 - src.core.config - INFO - Directory structure validated
2025-08-30 22:07:47,056 - src.core.config - INFO - Directory structure validated
2025-08-30 22:07:47,056 - src.models.emotion_model - INFO - Original input shape: (128, 165, 1)
2025-08-30 22:07:47,174 - src.models.emotion_model - INFO - Enhanced CNN model built with 3 convolutional layers and 2 dense layers
2025-08-30 22:07:47,174 - src.models.emotion_model - INFO - Input shape: (128, 165, 1)
2025-08-30 22:07:47,182 - src.models.emotion_model - INFO - Model: "functional"
┏━━━━━━━━━━━━━━━━━━━━━━━━━━━━━━━━━┳━━━━━━━━━━━━━━━━━━━━━━━━┳━━━━━━━━━━━━━━━┓
┃ Layer (type)                    ┃ Output Shape           ┃       Param # ┃
┡━━━━━━━━━━━━━━━━━━━━━━━━━━━━━━━━━╇━━━━━━━━━━━━━━━━━━━━━━━━╇━━━━━━━━━━━━━━━┩
│ input_layer (InputLayer)        │ (None, 128, 165, 1)    │             0 │
├─────────────────────────────────┼────────────────────────┼───────────────┤
│ conv2d (Conv2D)                 │ (None, 128, 165, 16)   │           160 │
├─────────────────────────────────┼────────────────────────┼───────────────┤
│ batch_normalization             │ (None, 128, 165, 16)   │            64 │
│ (BatchNormalization)            │                        │               │
├─────────────────────────────────┼────────────────────────┼───────────────┤
│ max_pooling2d (MaxPooling2D)    │ (None, 64, 82, 16)     │             0 │
├─────────────────────────────────┼────────────────────────┼───────────────┤
│ dropout (Dropout)               │ (None, 64, 82, 16)     │             0 │
├─────────────────────────────────┼────────────────────────┼───────────────┤
│ conv2d_1 (Conv2D)               │ (None, 64, 82, 32)     │         4,640 │
├─────────────────────────────────┼────────────────────────┼───────────────┤
│ batch_normalization_1           │ (None, 64, 82, 32)     │           128 │
│ (BatchNormalization)            │                        │               │
├─────────────────────────────────┼────────────────────────┼───────────────┤
│ max_pooling2d_1 (MaxPooling2D)  │ (None, 32, 41, 32)     │             0 │
├─────────────────────────────────┼────────────────────────┼───────────────┤
│ dropout_1 (Dropout)             │ (None, 32, 41, 32)     │             0 │
├─────────────────────────────────┼────────────────────────┼───────────────┤
│ conv2d_2 (Conv2D)               │ (None, 32, 41, 32)     │         9,248 │
├─────────────────────────────────┼────────────────────────┼───────────────┤
│ batch_normalization_2           │ (None, 32, 41, 32)     │           128 │
│ (BatchNormalization)            │                        │               │
├─────────────────────────────────┼────────────────────────┼───────────────┤
│ max_pooling2d_2 (MaxPooling2D)  │ (None, 16, 20, 32)     │             0 │
├─────────────────────────────────┼────────────────────────┼───────────────┤
│ dropout_2 (Dropout)             │ (None, 16, 20, 32)     │             0 │
├─────────────────────────────────┼────────────────────────┼───────────────┤
│ global_average_pooling2d        │ (None, 32)             │             0 │
│ (GlobalAveragePooling2D)        │                        │               │
├─────────────────────────────────┼────────────────────────┼───────────────┤
│ dense (Dense)                   │ (None, 128)            │         4,224 │
├─────────────────────────────────┼────────────────────────┼───────────────┤
│ batch_normalization_3           │ (None, 128)            │           512 │
│ (BatchNormalization)            │                        │               │
├─────────────────────────────────┼────────────────────────┼───────────────┤
│ dropout_3 (Dropout)             │ (None, 128)            │             0 │
├─────────────────────────────────┼────────────────────────┼───────────────┤
│ dense_1 (Dense)                 │ (None, 64)             │         8,256 │
├─────────────────────────────────┼────────────────────────┼───────────────┤
│ batch_normalization_4           │ (None, 64)             │           256 │
│ (BatchNormalization)            │                        │               │
├─────────────────────────────────┼────────────────────────┼───────────────┤
│ dropout_4 (Dropout)             │ (None, 64)             │             0 │
├─────────────────────────────────┼────────────────────────┼───────────────┤
│ dense_2 (Dense)                 │ (None, 8)              │           520 │
└─────────────────────────────────┴────────────────────────┴───────────────┘
 Total params: 28,136 (109.91 KB)
 Trainable params: 27,592 (107.78 KB)
 Non-trainable params: 544 (2.12 KB)

2025-08-30 22:07:47,183 - src.core.config - INFO - Directory structure validated
2025-08-30 22:07:47,183 - src.models.emotion_model - INFO - Callbacks prepared. Log directory: logs/run_20250830_220747
2025-08-30 22:07:47,183 - src.models.trainer - INFO - Starting CNN model training for 1 epochs with batch size 16
2025-08-30 22:07:47,183 - src.models.trainer - INFO - X_train shape: (1008, 128, 165, 1), y_train shape: (1008,)
2025-08-30 22:07:47,183 - src.models.trainer - INFO - X_val shape: (216, 128, 165, 1), y_val shape: (216,)
2025-08-30 22:07:53,593 - src.models.trainer - INFO - Training completed in 6.41 seconds (0.11 minutes)
2025-08-30 22:07:53,962 - src.models.trainer - INFO - Training history plot saved to results/cnn_training_history.png
2025-08-30 22:07:53,962 - src.core.config - INFO - Directory structure validated
2025-08-30 22:07:54,271 - src.models.trainer - INFO - Test loss: 2.0679
2025-08-30 22:07:54,271 - src.models.trainer - INFO - Test accuracy: 0.1343
2025-08-30 22:07:54,611 - src.models.trainer - WARNING - Could not calculate ROC AUC: OneHotEncoder.__init__() got an unexpected keyword argument 'sparse'
2025-08-30 22:07:54,644 - src.models.trainer - ERROR - Error plotting confusion matrix: The number of FixedLocator locations (7), usually from a call to set_ticks, does not match the number of labels (8).
2025-08-30 22:07:54,993 - src.models.trainer - INFO - Prediction distribution plot saved to results/cnn_prediction_distribution.png
2025-08-30 22:07:54,997 - src.models.trainer - INFO - Class metrics saved to results/reports/cnn_class_metrics.csv
2025-08-30 22:07:55,316 - src.models.trainer - INFO - Per-class metrics plot saved to results/cnn_per_class_metrics.png
2025-08-30 22:07:55,317 - src.core.config - INFO - Directory structure validated
2025-08-30 22:07:55,364 - src.models.trainer - INFO - Model saved to /workspace/models/cnn_emotion_model_20250830_220755.keras
2025-08-30 22:07:55,364 - absl - WARNING - You are saving your model as an HDF5 file via `model.save()` or `keras.saving.save_model(model)`. This file format is considered legacy. We recommend using instead the native Keras format, e.g. `model.save('my_model.keras')` or `keras.saving.save_model(model, 'my_model.keras')`. 
2025-08-30 22:07:55,391 - src.models.trainer - INFO - Model also saved in h5 format at /workspace/models/cnn_emotion_model_20250830_220755.h5
2025-08-30 22:07:55,398 - src.models.trainer - INFO - Model architecture saved to /workspace/models/cnn_emotion_model_20250830_220755_architecture.json
2025-08-30 22:07:55,434 - src.models.trainer - INFO - Model saved to /workspace/models/cnn_emotion_model_20250830_220755.keras
2025-08-30 22:07:55,434 - absl - WARNING - You are saving your model as an HDF5 file via `model.save()` or `keras.saving.save_model(model)`. This file format is considered legacy. We recommend using instead the native Keras format, e.g. `model.save('my_model.keras')` or `keras.saving.save_model(model, 'my_model.keras')`. 
2025-08-30 22:07:55,460 - src.models.trainer - INFO - Model also saved in h5 format at /workspace/models/cnn_emotion_model_20250830_220755.h5
2025-08-30 22:07:55,463 - src.models.trainer - INFO - Model architecture saved to /workspace/models/cnn_emotion_model_20250830_220755_architecture.json
2025-08-30 22:07:55,464 - src.models.model_manager - INFO - Model registry saved to models/model_registry.json
2025-08-30 22:07:55,464 - src.models.model_manager - INFO - Registered model cnn_20250830_220755 in registry
2025-08-30 22:07:55,464 - src.models.model_manager - INFO - Training history saved to results/cnn_training_history.json
2025-08-30 22:07:55,464 - src.models.model_manager - INFO - Model registry saved to models/model_registry.json
2025-08-30 22:07:55,483 - src.models.model_manager - INFO - Test data saved to results/cnn_X_test.npy and results/cnn_y_test.npy
2025-08-30 22:07:55,483 - src.features.feature_extractor - ERROR - Error getting normalization parameters: 'StandardScaler' object has no attribute 'mean_'
2025-08-30 22:07:55,483 - src.models.model_manager - INFO - Saved feature info to results/feature_info.json
2025-08-30 22:07:55,483 - src.models.model_manager - INFO - Saved feature info sidecar to /workspace/models/cnn_emotion_model_20250830_220755_feature_info.json
2025-08-30 22:07:55,483 - __main__ - INFO - Training completed successfully!
2025-08-30 22:09:09,987 - src.models.trainer - INFO - Successfully applied TensorFlow monkey patch
2025-08-30 22:09:09,996 - src.core.config - INFO - Directory structure validated
2025-08-30 22:09:09,996 - src.core.config - INFO - Directory structure validated
2025-08-30 22:09:09,996 - src.main - INFO - TensorFlow version: 2.20.0
2025-08-30 22:09:10,063 - datasets - INFO - TensorFlow version 2.20.0 available.
2025-08-30 22:24:21,720 - src.models.trainer - INFO - Successfully applied TensorFlow monkey patch
2025-09-01 01:57:55,909 - src.core.config - INFO - Directory structure validated
2025-09-01 01:57:55,915 - src.core.config - INFO - Directory structure validated
2025-09-01 01:58:20,178 - numexpr.utils - INFO - NumExpr defaulting to 4 threads.
2025-09-01 01:58:31,405 - src.main - INFO - TensorFlow version: 2.19.0
2025-09-01 01:58:32,416 - datasets - INFO - TensorFlow version 2.19.0 available.
2025-09-01 01:58:36,471 - src.models.trainer - INFO - Successfully applied TensorFlow monkey patch
2025-09-01 01:58:36,548 - src.core.config - INFO - Directory structure validated
2025-09-01 01:58:36,551 - src.core.config - INFO - Directory structure validated
2025-09-01 01:58:36,551 - src.core.config - INFO - Directory structure validated
2025-09-01 02:02:00,149 - src.models.trainer - INFO - Successfully applied TensorFlow monkey patch
2025-09-01 02:02:40,622 - src.models.trainer - INFO - Successfully applied TensorFlow monkey patch
2025-09-01 02:02:40,691 - src.core.config - INFO - Directory structure validated
2025-09-01 02:02:40,707 - src.core.config - INFO - Directory structure validated
2025-09-01 02:02:40,707 - src.main - INFO - TensorFlow version: 2.19.0
2025-09-01 02:02:41,184 - datasets - INFO - TensorFlow version 2.19.0 available.
2025-09-01 02:02:41,573 - src.core.config - INFO - Directory structure validated
2025-09-01 02:02:41,573 - src.core.config - INFO - Directory structure validated
2025-09-01 02:02:41,580 - src.core.config - INFO - Directory structure validated
2025-09-01 02:02:42,111 - app - INFO - Using upload directory: C:\Users\rayyan\Downloads\VS Code Workspace\speech_emotion_classification\uploads
2025-09-01 02:02:42,126 - src.core.config - INFO - Directory structure validated
2025-09-01 02:02:42,131 - src.core.config - INFO - Directory structure validated
2025-09-01 02:02:42,133 - src.core.config - INFO - Directory structure validated
2025-09-01 02:54:30,130 - src.models.trainer - INFO - Successfully applied TensorFlow monkey patch
2025-09-01 02:54:30,223 - src.core.config - INFO - Directory structure validated
2025-09-01 02:54:30,240 - src.core.config - INFO - Directory structure validated
2025-09-01 02:54:30,242 - src.main - INFO - TensorFlow version: 2.19.0
2025-09-01 02:54:31,411 - datasets - INFO - TensorFlow version 2.19.0 available.
2025-09-01 02:54:32,239 - src.core.config - INFO - Directory structure validated
2025-09-01 02:54:32,243 - src.core.config - INFO - Directory structure validated
2025-09-01 02:54:32,249 - src.core.config - INFO - Directory structure validated
2025-09-01 02:54:32,823 - __main__ - INFO - Using upload directory: C:\Users\rayyan\Downloads\VS Code Workspace\speech_emotion_classification\uploads
2025-09-01 02:54:32,833 - src.core.config - INFO - Directory structure validated
2025-09-01 02:54:32,835 - src.core.config - INFO - Directory structure validated
2025-09-01 02:54:32,839 - src.core.config - INFO - Directory structure validated
2025-09-01 02:54:34,142 - tensorflow - WARNING - From R:\Anaconda\Lib\site-packages\keras\src\backend\common\global_state.py:82: The name tf.reset_default_graph is deprecated. Please use tf.compat.v1.reset_default_graph instead.

2025-09-01 02:55:51,423 - __main__ - INFO - Using upload directory: C:\Users\rayyan\Downloads\VS Code Workspace\speech_emotion_classification\uploads
2025-09-01 02:55:51,429 - src.core.config - INFO - Directory structure validated
2025-09-01 02:55:51,441 - src.core.config - INFO - Directory structure validated
2025-09-01 02:55:51,447 - src.core.config - INFO - Directory structure validated
2025-09-01 02:56:03,484 - src.core.config - INFO - Directory structure validated
2025-09-01 02:56:03,487 - src.main - INFO - Loading dataset...
2025-09-01 02:56:03,487 - src.data.data_loader - INFO - Loading RAVDESS dataset from 'Codec-SUPERB/RAVDESS' (attempt 1/5)...
2025-09-01 02:56:04,224 - src.core.config - INFO - Directory structure validated
2025-09-01 02:56:04,656 - src.features.feature_extractor - INFO - Feature shape after processing: (1, 128, 165, 1)
2025-09-01 02:56:04,658 - __main__ - ERROR - Prediction requested but model is not loaded yet
2025-09-01 02:56:04,748 - src.data.data_loader - ERROR - Unexpected error loading dataset 'Codec-SUPERB/RAVDESS': Dataset 'Codec-SUPERB/RAVDESS' doesn't exist on the Hub or cannot be accessed.
2025-09-01 02:56:04,750 - src.data.data_loader - INFO - Loading RAVDESS dataset from 'lhoestq/ravdess-emotion' (attempt 1/5)...
2025-09-01 02:56:05,286 - src.data.data_loader - ERROR - Unexpected error loading dataset 'lhoestq/ravdess-emotion': Dataset 'lhoestq/ravdess-emotion' doesn't exist on the Hub or cannot be accessed.
2025-09-01 02:56:05,286 - src.data.data_loader - INFO - Loading RAVDESS dataset from 'RAVDESS' (attempt 1/5)...
2025-09-01 02:56:05,842 - src.data.data_loader - ERROR - Unexpected error loading dataset 'RAVDESS': Dataset 'RAVDESS' doesn't exist on the Hub or cannot be accessed.
2025-09-01 02:56:05,844 - src.data.data_loader - WARNING - Could not load any RAVDESS dataset. Creating a dummy dataset for development purposes.
2025-09-01 02:56:05,845 - src.data.data_loader - WARNING - Creating dummy dataset with 200 samples for testing purposes
2025-09-01 02:56:05,998 - src.data.data_loader - INFO - Dataset columns: ['labels', 'speaker_id', 'speaker_gender', 'audio']
2025-09-01 02:56:05,999 - src.data.data_loader - INFO - Using 'labels' as the emotion label column
2025-09-01 02:56:06,027 - src.data.data_loader - INFO - Dataset split into 139 training, 31 validation, and 30 test samples
2025-09-01 02:56:06,028 - src.main - INFO - Extracting mel_spectrogram features...
2025-09-01 02:56:06,028 - src.features.feature_extractor - INFO - Using 'labels' as the label column for feature extraction
2025-09-01 02:56:06,246 - src.features.feature_extractor - INFO - Processing audio 1/139
2025-09-01 02:56:08,502 - src.features.feature_extractor - INFO - Processing audio 101/139
2025-09-01 02:56:10,472 - src.features.feature_extractor - INFO - Padding spectrograms to length 165
2025-09-01 02:56:10,487 - src.features.feature_extractor - INFO - Processed 139 audio files successfully
2025-09-01 02:56:10,489 - src.features.feature_extractor - INFO - Using 'labels' as the label column for feature extraction
2025-09-01 02:56:11,249 - src.features.feature_extractor - INFO - Padding spectrograms to length 165
2025-09-01 02:56:11,255 - src.features.feature_extractor - INFO - Processed 31 audio files successfully
2025-09-01 02:56:11,255 - src.features.feature_extractor - INFO - Using 'labels' as the label column for feature extraction
2025-09-01 02:56:12,064 - src.features.feature_extractor - INFO - Padding spectrograms to length 165
2025-09-01 02:56:12,068 - src.features.feature_extractor - INFO - Processed 30 audio files successfully
2025-09-01 02:56:12,188 - src.features.feature_extractor - INFO - Features normalized successfully
2025-09-01 02:56:12,201 - src.features.feature_extractor - INFO - Features normalized successfully
2025-09-01 02:56:12,210 - src.features.feature_extractor - INFO - Features normalized successfully
2025-09-01 02:56:12,211 - src.main - INFO - Creating CNN model...
2025-09-01 02:56:12,211 - src.models.emotion_model - INFO - Original input shape: (128, 165, 1)
2025-09-01 02:56:12,755 - src.models.emotion_model - INFO - Enhanced CNN model built with 3 convolutional layers and 2 dense layers
2025-09-01 02:56:12,756 - src.models.emotion_model - INFO - Input shape: (128, 165, 1)
2025-09-01 02:56:12,991 - src.models.emotion_model - INFO - Callbacks prepared. Log directory: logs\run_20250901_025612
2025-09-01 02:56:12,996 - src.models.trainer - INFO - Starting CNN model training for 100 epochs with batch size 32
2025-09-01 02:56:12,999 - src.models.trainer - INFO - X_train shape: (139, 128, 165, 1), y_train shape: (139,)
2025-09-01 02:56:13,011 - src.models.trainer - INFO - X_val shape: (31, 128, 165, 1), y_val shape: (31,)
2025-09-01 03:20:19,782 - src.models.trainer - INFO - Successfully applied TensorFlow monkey patch
2025-09-01 03:20:19,891 - src.core.config - INFO - Directory structure validated
2025-09-01 03:20:19,900 - src.core.config - INFO - Directory structure validated
2025-09-01 03:20:19,906 - src.main - INFO - TensorFlow version: 2.19.0
2025-09-01 03:20:20,733 - datasets - INFO - TensorFlow version 2.19.0 available.
2025-09-01 03:20:21,426 - src.core.config - INFO - Directory structure validated
2025-09-01 03:20:21,429 - src.core.config - INFO - Directory structure validated
2025-09-01 03:20:21,429 - src.core.config - INFO - Directory structure validated
2025-09-01 03:20:21,960 - __main__ - INFO - Using upload directory: C:\Users\rayyan\Downloads\VS Code Workspace\speech_emotion_classification\uploads
2025-09-01 03:20:21,967 - src.core.config - INFO - Directory structure validated
2025-09-01 03:20:21,975 - src.core.config - INFO - Directory structure validated
2025-09-01 03:20:21,980 - src.core.config - INFO - Directory structure validated
2025-09-01 03:20:22,910 - tensorflow - WARNING - From R:\Anaconda\Lib\site-packages\keras\src\backend\common\global_state.py:82: The name tf.reset_default_graph is deprecated. Please use tf.compat.v1.reset_default_graph instead.

2025-09-01 03:22:02,456 - __main__ - INFO - Using upload directory: C:\Users\rayyan\Downloads\VS Code Workspace\speech_emotion_classification\uploads
2025-09-01 03:22:02,464 - src.core.config - INFO - Directory structure validated
2025-09-01 03:22:02,466 - src.core.config - INFO - Directory structure validated
2025-09-01 03:22:02,472 - src.core.config - INFO - Directory structure validated
2025-09-01 03:22:09,288 - __main__ - INFO - Successfully loaded model from logs: logs\run_20250901_025612\best_model.keras
2025-09-01 03:22:09,744 - src.core.config - INFO - Directory structure validated
2025-09-01 03:22:09,979 - src.features.feature_extractor - INFO - Feature shape after processing: (1, 128, 165, 1)
2025-09-01 03:22:10,005 - src.features.feature_extractor - INFO - Feature shape after processing: (1, 128, 165, 1)
2025-09-01 03:22:10,043 - src.features.feature_extractor - INFO - Feature shape after processing: (1, 128, 165, 1)
2025-09-01 03:22:10,065 - src.features.feature_extractor - INFO - Feature shape after processing: (1, 128, 165, 1)
2025-09-01 03:22:10,099 - src.features.feature_extractor - INFO - Feature shape after processing: (1, 128, 165, 1)
2025-09-01 03:25:44,192 - src.core.config - INFO - Directory structure validated
2025-09-01 03:25:56,284 - numexpr.utils - INFO - NumExpr defaulting to 4 threads.
2025-09-01 03:26:00,187 - src.models.trainer - INFO - Successfully applied TensorFlow monkey patch
2025-09-01 03:26:06,807 - numexpr.utils - INFO - NumExpr defaulting to 4 threads.
2025-09-01 03:26:28,452 - src.models.trainer - INFO - Successfully applied TensorFlow monkey patch
2025-09-01 03:26:28,497 - src.core.config - INFO - Directory structure validated
2025-09-01 03:26:28,507 - src.core.config - INFO - Directory structure validated
2025-09-01 03:26:28,507 - src.main - INFO - TensorFlow version: 2.19.0
2025-09-01 03:26:29,068 - datasets - INFO - TensorFlow version 2.19.0 available.
2025-09-01 03:26:29,532 - src.core.config - INFO - Directory structure validated
2025-09-01 03:26:29,538 - src.core.config - INFO - Directory structure validated
2025-09-01 03:26:29,539 - src.core.config - INFO - Directory structure validated
2025-09-01 03:27:28,724 - numexpr.utils - INFO - NumExpr defaulting to 4 threads.
2025-09-01 03:27:32,968 - src.models.trainer - INFO - Successfully applied TensorFlow monkey patch
2025-09-01 03:28:02,340 - src.models.trainer - INFO - Successfully applied TensorFlow monkey patch
2025-09-01 03:28:02,390 - src.core.config - INFO - Directory structure validated
2025-09-01 03:28:02,398 - src.core.config - INFO - Directory structure validated
2025-09-01 03:28:02,398 - src.main - INFO - TensorFlow version: 2.19.0
2025-09-01 03:28:02,980 - datasets - INFO - TensorFlow version 2.19.0 available.
2025-09-01 03:28:03,461 - src.core.config - INFO - Directory structure validated
2025-09-01 03:28:03,464 - src.core.config - INFO - Directory structure validated
2025-09-01 03:28:03,465 - src.core.config - INFO - Directory structure validated
2025-09-01 03:28:21,292 - src.core.config - INFO - Directory structure validated
2025-09-01 03:28:21,771 - src.models.trainer - INFO - Successfully applied TensorFlow monkey patch
