INTERNALERROR> Traceback (most recent call last):
INTERNALERROR>   File "C:\Users\rayyan.a\Downloads\Repo\speech_emotion_classification\tests\test_model_manager.py", line 21, in <module>
INTERNALERROR>     from src.models.model_manager import ModelManager
INTERNALERROR> ModuleNotFoundError: No module named 'src'
INTERNALERROR> 
INTERNALERROR> During handling of the above exception, another exception occurred:
INTERNALERROR> 
INTERNALERROR> Traceback (most recent call last):
INTERNALERROR>   File "C:\Users\rayyan.a\AppData\Local\anaconda3\Lib\site-packages\_pytest\main.py", line 283, in wrap_session
INTERNALERROR>     session.exitstatus = doit(config, session) or 0
INTERNALERROR>                          ^^^^^^^^^^^^^^^^^^^^^
INTERNALERROR>   File "C:\Users\rayyan.a\AppData\Local\anaconda3\Lib\site-packages\_pytest\main.py", line 336, in _main
INTERNALERROR>     config.hook.pytest_collection(session=session)
INTERNALERROR>   File "C:\Users\rayyan.a\AppData\Local\anaconda3\Lib\site-packages\pluggy\_hooks.py", line 513, in __call__
INTERNALERROR>     return self._hookexec(self.name, self._hookimpls.copy(), kwargs, firstresult)
INTERNALERROR>            ^^^^^^^^^^^^^^^^^^^^^^^^^^^^^^^^^^^^^^^^^^^^^^^^^^^^^^^^^^^^^^^^^^^^^^
INTERNALERROR>   File "C:\Users\rayyan.a\AppData\Local\anaconda3\Lib\site-packages\pluggy\_manager.py", line 120, in _hookexec
INTERNALERROR>     return self._inner_hookexec(hook_name, methods, kwargs, firstresult)
INTERNALERROR>            ^^^^^^^^^^^^^^^^^^^^^^^^^^^^^^^^^^^^^^^^^^^^^^^^^^^^^^^^^^^^^
INTERNALERROR>   File "C:\Users\rayyan.a\AppData\Local\anaconda3\Lib\site-packages\pluggy\_callers.py", line 139, in _multicall
INTERNALERROR>     raise exception.with_traceback(exception.__traceback__)
INTERNALERROR>   File "C:\Users\rayyan.a\AppData\Local\anaconda3\Lib\site-packages\pluggy\_callers.py", line 122, in _multicall
INTERNALERROR>     teardown.throw(exception)  # type: ignore[union-attr]
INTERNALERROR>     ^^^^^^^^^^^^^^^^^^^^^^^^^
INTERNALERROR>   File "C:\Users\rayyan.a\AppData\Local\anaconda3\Lib\site-packages\_pytest\logging.py", line 790, in pytest_collection
INTERNALERROR>     return (yield)
INTERNALERROR>             ^^^^^
INTERNALERROR>   File "C:\Users\rayyan.a\AppData\Local\anaconda3\Lib\site-packages\pluggy\_callers.py", line 122, in _multicall
INTERNALERROR>     teardown.throw(exception)  # type: ignore[union-attr]
INTERNALERROR>     ^^^^^^^^^^^^^^^^^^^^^^^^^
INTERNALERROR>   File "C:\Users\rayyan.a\AppData\Local\anaconda3\Lib\site-packages\_pytest\warnings.py", line 121, in pytest_collection
INTERNALERROR>     return (yield)
INTERNALERROR>             ^^^^^
INTERNALERROR>   File "C:\Users\rayyan.a\AppData\Local\anaconda3\Lib\site-packages\pluggy\_callers.py", line 122, in _multicall
INTERNALERROR>     teardown.throw(exception)  # type: ignore[union-attr]
INTERNALERROR>     ^^^^^^^^^^^^^^^^^^^^^^^^^
INTERNALERROR>   File "C:\Users\rayyan.a\AppData\Local\anaconda3\Lib\site-packages\_pytest\config\__init__.py", line 1417, in pytest_collection
INTERNALERROR>     return (yield)
INTERNALERROR>             ^^^^^
INTERNALERROR>   File "C:\Users\rayyan.a\AppData\Local\anaconda3\Lib\site-packages\pluggy\_callers.py", line 103, in _multicall
INTERNALERROR>     res = hook_impl.function(*args)
INTERNALERROR>           ^^^^^^^^^^^^^^^^^^^^^^^^^
INTERNALERROR>   File "C:\Users\rayyan.a\AppData\Local\anaconda3\Lib\site-packages\_pytest\main.py", line 347, in pytest_collection
INTERNALERROR>     session.perform_collect()
INTERNALERROR>   File "C:\Users\rayyan.a\AppData\Local\anaconda3\Lib\site-packages\_pytest\main.py", line 809, in perform_collect
INTERNALERROR>     self.items.extend(self.genitems(node))
INTERNALERROR>   File "C:\Users\rayyan.a\AppData\Local\anaconda3\Lib\site-packages\_pytest\main.py", line 975, in genitems
INTERNALERROR>     yield from self.genitems(subnode)
INTERNALERROR>   File "C:\Users\rayyan.a\AppData\Local\anaconda3\Lib\site-packages\_pytest\main.py", line 975, in genitems
INTERNALERROR>     yield from self.genitems(subnode)
INTERNALERROR>   File "C:\Users\rayyan.a\AppData\Local\anaconda3\Lib\site-packages\_pytest\main.py", line 970, in genitems
INTERNALERROR>     rep, duplicate = self._collect_one_node(node, handle_dupes)
INTERNALERROR>                      ^^^^^^^^^^^^^^^^^^^^^^^^^^^^^^^^^^^^^^^^^^
INTERNALERROR>   File "C:\Users\rayyan.a\AppData\Local\anaconda3\Lib\site-packages\_pytest\main.py", line 835, in _collect_one_node
INTERNALERROR>     rep = collect_one_node(node)
INTERNALERROR>           ^^^^^^^^^^^^^^^^^^^^^^
INTERNALERROR>   File "C:\Users\rayyan.a\AppData\Local\anaconda3\Lib\site-packages\_pytest\runner.py", line 567, in collect_one_node
INTERNALERROR>     rep: CollectReport = ihook.pytest_make_collect_report(collector=collector)
INTERNALERROR>                          ^^^^^^^^^^^^^^^^^^^^^^^^^^^^^^^^^^^^^^^^^^^^^^^^^^^^^
INTERNALERROR>   File "C:\Users\rayyan.a\AppData\Local\anaconda3\Lib\site-packages\pluggy\_hooks.py", line 513, in __call__
INTERNALERROR>     return self._hookexec(self.name, self._hookimpls.copy(), kwargs, firstresult)
INTERNALERROR>            ^^^^^^^^^^^^^^^^^^^^^^^^^^^^^^^^^^^^^^^^^^^^^^^^^^^^^^^^^^^^^^^^^^^^^^
INTERNALERROR>   File "C:\Users\rayyan.a\AppData\Local\anaconda3\Lib\site-packages\pluggy\_manager.py", line 120, in _hookexec
INTERNALERROR>     return self._inner_hookexec(hook_name, methods, kwargs, firstresult)
INTERNALERROR>            ^^^^^^^^^^^^^^^^^^^^^^^^^^^^^^^^^^^^^^^^^^^^^^^^^^^^^^^^^^^^^
INTERNALERROR>   File "C:\Users\rayyan.a\AppData\Local\anaconda3\Lib\site-packages\pluggy\_callers.py", line 139, in _multicall
INTERNALERROR>     raise exception.with_traceback(exception.__traceback__)
INTERNALERROR>   File "C:\Users\rayyan.a\AppData\Local\anaconda3\Lib\site-packages\pluggy\_callers.py", line 122, in _multicall
INTERNALERROR>     teardown.throw(exception)  # type: ignore[union-attr]
INTERNALERROR>     ^^^^^^^^^^^^^^^^^^^^^^^^^
INTERNALERROR>   File "C:\Users\rayyan.a\AppData\Local\anaconda3\Lib\site-packages\_pytest\capture.py", line 878, in pytest_make_collect_report
INTERNALERROR>     rep = yield
INTERNALERROR>           ^^^^^
INTERNALERROR>   File "C:\Users\rayyan.a\AppData\Local\anaconda3\Lib\site-packages\pluggy\_callers.py", line 103, in _multicall
INTERNALERROR>     res = hook_impl.function(*args)
INTERNALERROR>           ^^^^^^^^^^^^^^^^^^^^^^^^^
INTERNALERROR>   File "C:\Users\rayyan.a\AppData\Local\anaconda3\Lib\site-packages\_pytest\runner.py", line 391, in pytest_make_collect_report
INTERNALERROR>     call = CallInfo.from_call(
INTERNALERROR>            ^^^^^^^^^^^^^^^^^^^
INTERNALERROR>   File "C:\Users\rayyan.a\AppData\Local\anaconda3\Lib\site-packages\_pytest\runner.py", line 341, in from_call
INTERNALERROR>     result: TResult | None = func()
INTERNALERROR>                              ^^^^^^
INTERNALERROR>   File "C:\Users\rayyan.a\AppData\Local\anaconda3\Lib\site-packages\_pytest\runner.py", line 389, in collect
INTERNALERROR>     return list(collector.collect())
INTERNALERROR>                 ^^^^^^^^^^^^^^^^^^^
INTERNALERROR>   File "c:\Users\rayyan.a\AppData\Local\anaconda3\Lib\site-packages\pytest_asyncio\plugin.py", line 738, in _patched_collect
INTERNALERROR>     module = collector.obj
INTERNALERROR>              ^^^^^^^^^^^^^
INTERNALERROR>   File "C:\Users\rayyan.a\AppData\Local\anaconda3\Lib\site-packages\_pytest\python.py", line 284, in obj
INTERNALERROR>     self._obj = obj = self._getobj()
INTERNALERROR>                       ^^^^^^^^^^^^^^
INTERNALERROR>   File "C:\Users\rayyan.a\AppData\Local\anaconda3\Lib\site-packages\_pytest\python.py", line 546, in _getobj
INTERNALERROR>     return importtestmodule(self.path, self.config)
INTERNALERROR>            ^^^^^^^^^^^^^^^^^^^^^^^^^^^^^^^^^^^^^^^^
INTERNALERROR>   File "C:\Users\rayyan.a\AppData\Local\anaconda3\Lib\site-packages\_pytest\python.py", line 493, in importtestmodule
INTERNALERROR>     mod = import_path(
INTERNALERROR>           ^^^^^^^^^^^^
INTERNALERROR>   File "C:\Users\rayyan.a\AppData\Local\anaconda3\Lib\site-packages\_pytest\pathlib.py", line 587, in import_path
INTERNALERROR>     importlib.import_module(module_name)
INTERNALERROR>   File "C:\Users\rayyan.a\AppData\Local\anaconda3\Lib\importlib\__init__.py", line 90, in import_module
INTERNALERROR>     return _bootstrap._gcd_import(name[level:], package, level)
INTERNALERROR>            ^^^^^^^^^^^^^^^^^^^^^^^^^^^^^^^^^^^^^^^^^^^^^^^^^^^^
INTERNALERROR>   File "<frozen importlib._bootstrap>", line 1387, in _gcd_import
INTERNALERROR>   File "<frozen importlib._bootstrap>", line 1360, in _find_and_load
INTERNALERROR>   File "<frozen importlib._bootstrap>", line 1331, in _find_and_load_unlocked
INTERNALERROR>   File "<frozen importlib._bootstrap>", line 935, in _load_unlocked
INTERNALERROR>   File "C:\Users\rayyan.a\AppData\Local\anaconda3\Lib\site-packages\_pytest\assertion\rewrite.py", line 185, in exec_module
INTERNALERROR>     exec(co, module.__dict__)
INTERNALERROR>   File "C:\Users\rayyan.a\Downloads\Repo\speech_emotion_classification\tests\test_model_manager.py", line 24, in <module>
INTERNALERROR>     sys.exit(1)
INTERNALERROR> SystemExit: 1

2 warnings, 1 error in 1.51s
